2026-05-13 21:47:45 | DEBUG | P01 | KAFKA_BOOTSTRAP_SERVERS           = localhost:9092
2026-05-13 21:47:45 | DEBUG | P01 | KAFKA_BROKER_ADDRESS_FAMILY       = v6
2026-05-13 21:47:45 | DEBUG | P01 | KAFKA_TOPIC                       = streaming-01-foundations-case
2026-05-13 21:47:45 | DEBUG | P01 | KAFKA_CLEAR_TOPIC_ON_START        = true
2026-05-13 21:47:45 | DEBUG | P01 | PRODUCER_MESSAGE_COUNT            = 3
2026-05-13 21:47:45 | DEBUG | P01 | PRODUCER_MESSAGE_INTERVAL_SECONDS = 2
2026-05-13 21:47:45 | DEBUG | P01 | PRODUCER_MAX_MESSAGES             = 50
2026-05-13 21:47:45 | DEBUG | P01 | PRODUCER_POLL_INTERVAL_SECONDS    = 15
2026-05-13 21:47:45 | DEBUG | P01 | KAFKA_GROUP_ID                    = streaming-consumer-group-A
2026-05-13 21:47:45 | DEBUG | P01 | KAFKA_AUTO_OFFSET_RESET           = earliest
2026-05-13 21:47:45 | DEBUG | P01 | CONSUMER_TIMEOUT_SECONDS          = 10
2026-05-13 21:47:45 | DEBUG | P01 | CONSUMER_MAX_MESSAGES             = 1000
2026-05-13 21:47:45 | INFO | P01 | === RUN START ===
2026-05-13 21:47:45 | INFO | P01 | project=P01
2026-05-13 21:47:45 | INFO | P01 | repo_dir=streaming-01-foundations
2026-05-13 21:47:45 | INFO | P01 | python=3.14.2
2026-05-13 21:47:45 | INFO | P01 | os=Windows 11
2026-05-13 21:47:45 | INFO | P01 | shell=powershell
2026-05-13 21:47:45 | INFO | P01 | cwd=.
2026-05-13 21:47:45 | INFO | P01 | github_actions=False
2026-05-13 21:47:45 | INFO | P01 | ========================
2026-05-13 21:47:45 | INFO | P01 | START producer main()
2026-05-13 21:47:45 | INFO | P01 | ========================
2026-05-13 21:47:45 | INFO | P01 | ROOT_DIR = .
2026-05-13 21:47:45 | INFO | P01 | DATA_DIR = data
2026-05-13 21:47:45 | INFO | P01 | SALES_CSV = data\sales.csv
2026-05-13 21:47:45 | INFO | P01 | TOPIC_CSV = data\output\streaming-01-foundations-case.csv
2026-05-13 21:47:45 | INFO | P01 | ========================
2026-05-13 21:47:45 | INFO | P01 | SECTION A. Acquire
2026-05-13 21:47:45 | INFO | P01 | ========================
2026-05-13 21:47:45 | INFO | P01 | Loading settings from .env...
2026-05-13 21:47:45 | INFO | P01 | KAFKA_TOPIC                       = streaming-01-foundations-case
2026-05-13 21:47:45 | INFO | P01 | KAFKA_CLEAR_TOPIC_ON_START        = True
2026-05-13 21:47:45 | INFO | P01 | PRODUCER_MESSAGE_COUNT            = 3
2026-05-13 21:47:45 | INFO | P01 | PRODUCER_MESSAGE_INTERVAL_SECONDS = 2.0
2026-05-13 21:47:45 | INFO | P01 | Verifying local source data...
2026-05-13 21:47:45 | INFO | P01 | Source file found: sales.csv
2026-05-13 21:47:45 | INFO | P01 | Preparing local simulated topic file...
2026-05-13 21:47:45 | INFO | P01 | Topic file will be created: streaming-01-foundations-case.csv
2026-05-13 21:47:45 | INFO | P01 | ========================
2026-05-13 21:47:45 | INFO | P01 | SECTION P. Produce Messages
2026-05-13 21:47:45 | INFO | P01 | ========================
2026-05-13 21:47:45 | INFO | P01 | Sending messages...
2026-05-13 21:47:45 | INFO | P01 | Sending up to 3 local message(s).
2026-05-13 21:47:45 | INFO | P01 | Writing to simulated topic file: streaming-01-foundations-case.csv
2026-05-13 21:47:45 | INFO | P01 | Watch each sale arrive. Press CTRL+C to stop early.

2026-05-13 21:47:45 | INFO | P01 | {
  order_id: e7324981-a9f0-419f-b708-d0a333451fff
  datetime: 2026-05-04T08:11:00Z
  region_id: US-TX
  currency_code: USD
  product_id: PY-STREAM-005
  unit_price: 59.99
  quantity: 3
  is_online: true
  customer_id: CUST-4150
  is_new_customer: false
  device_type: tablet
  payment_method: paypal
  referral_source: paid_search
  discount_code: 
  customer_note: Gift for my team
}
2026-05-13 21:47:45 | INFO | P01 |   Sending local message with key=US-TX
2026-05-13 21:47:45 | INFO | P01 |   MESSAGE SENT  sent=1
2026-05-13 21:47:47 | INFO | P01 | {
  order_id: d61943e0-f543-4b5f-9c9a-18605ea4cfe5
  datetime: 2026-05-04T08:23:00Z
  region_id: US-TX
  currency_code: USD
  product_id: PY-DATA-002
  unit_price: 49.99
  quantity: 1
  is_online: true
  customer_id: CUST-1106
  is_new_customer: false
  device_type: mobile
  payment_method: paypal
  referral_source: paid_search
  discount_code: 
  customer_note: Gift for my team
}
2026-05-13 21:47:47 | INFO | P01 |   Sending local message with key=US-TX
2026-05-13 21:47:47 | INFO | P01 |   MESSAGE SENT  sent=2
2026-05-13 21:47:49 | INFO | P01 | {
  order_id: 14da1915-8e74-47be-9e10-f7275d31af46
  datetime: 2026-05-04T08:28:00Z
  region_id: CA-QC
  currency_code: CAD
  product_id: PY-NLP-006
  unit_price: 54.99
  quantity: 1
  is_online: true
  customer_id: CUST-2133
  is_new_customer: false
  device_type: desktop
  payment_method: paypal
  referral_source: organic
  discount_code: 
  customer_note: Learning at my own pace
}
2026-05-13 21:47:49 | INFO | P01 |   Sending local message with key=CA-QC
2026-05-13 21:47:49 | INFO | P01 |   MESSAGE SENT  sent=3
2026-05-13 21:47:51 | INFO | P01 | ========================
2026-05-13 21:47:51 | INFO | P01 | SECTION E. Exit
2026-05-13 21:47:51 | INFO | P01 | ========================
2026-05-13 21:47:51 | INFO | P01 | Summary:
2026-05-13 21:47:51 | INFO | P01 | Sent 3 message(s).
2026-05-13 21:47:51 | INFO | P01 | WROTE TOPIC_CSV = data\output\streaming-01-foundations-case.csv
2026-05-13 21:47:51 | INFO | P01 | ========================
2026-05-13 21:47:51 | INFO | P01 | Producer executed successfully!
2026-05-13 21:47:51 | INFO | P01 | ========================
2026-05-17 19:47:00 | DEBUG | P01 | KAFKA_BOOTSTRAP_SERVERS           = localhost:9092
2026-05-17 19:47:00 | DEBUG | P01 | KAFKA_BROKER_ADDRESS_FAMILY       = v6
2026-05-17 19:47:00 | DEBUG | P01 | KAFKA_TOPIC                       = streaming-01-foundations-case
2026-05-17 19:47:00 | DEBUG | P01 | KAFKA_CLEAR_TOPIC_ON_START        = true
2026-05-17 19:47:00 | DEBUG | P01 | PRODUCER_MESSAGE_COUNT            = 3
2026-05-17 19:47:00 | DEBUG | P01 | PRODUCER_MESSAGE_INTERVAL_SECONDS = 2
2026-05-17 19:47:00 | DEBUG | P01 | PRODUCER_MAX_MESSAGES             = 50
2026-05-17 19:47:00 | DEBUG | P01 | PRODUCER_POLL_INTERVAL_SECONDS    = 15
2026-05-17 19:47:00 | DEBUG | P01 | KAFKA_GROUP_ID                    = streaming-consumer-group-A
2026-05-17 19:47:00 | DEBUG | P01 | KAFKA_AUTO_OFFSET_RESET           = earliest
2026-05-17 19:47:00 | DEBUG | P01 | CONSUMER_TIMEOUT_SECONDS          = 10
2026-05-17 19:47:00 | DEBUG | P01 | CONSUMER_MAX_MESSAGES             = 1000
2026-05-17 19:47:00 | INFO | P01 | === RUN START ===
2026-05-17 19:47:00 | INFO | P01 | project=P01
2026-05-17 19:47:00 | INFO | P01 | repo_dir=streaming-01-foundations
2026-05-17 19:47:00 | INFO | P01 | python=3.14.2
2026-05-17 19:47:00 | INFO | P01 | os=Windows 11
2026-05-17 19:47:00 | INFO | P01 | shell=powershell
2026-05-17 19:47:00 | INFO | P01 | cwd=.
2026-05-17 19:47:00 | INFO | P01 | github_actions=False
2026-05-17 19:47:00 | INFO | P01 | ========================
2026-05-17 19:47:00 | INFO | P01 | START producer main()
2026-05-17 19:47:00 | INFO | P01 | ========================
2026-05-17 19:47:00 | INFO | P01 | ROOT_DIR = .
2026-05-17 19:47:00 | INFO | P01 | DATA_DIR = data
2026-05-17 19:47:00 | INFO | P01 | SALES_CSV = data\sales.csv
2026-05-17 19:47:00 | INFO | P01 | TOPIC_CSV = data\output\streaming-01-foundations-case.csv
2026-05-17 19:47:00 | INFO | P01 | ========================
2026-05-17 19:47:00 | INFO | P01 | SECTION A. Acquire
2026-05-17 19:47:00 | INFO | P01 | ========================
2026-05-17 19:47:00 | INFO | P01 | Loading settings from .env...
2026-05-17 19:47:00 | INFO | P01 | KAFKA_TOPIC                       = streaming-01-foundations-case
2026-05-17 19:47:00 | INFO | P01 | KAFKA_CLEAR_TOPIC_ON_START        = True
2026-05-17 19:47:00 | INFO | P01 | PRODUCER_MESSAGE_COUNT            = 3
2026-05-17 19:47:00 | INFO | P01 | PRODUCER_MESSAGE_INTERVAL_SECONDS = 2.0
2026-05-17 19:47:00 | INFO | P01 | Verifying local source data...
2026-05-17 19:47:00 | INFO | P01 | Source file found: sales.csv
2026-05-17 19:47:00 | INFO | P01 | Preparing local simulated topic file...
2026-05-17 19:47:00 | INFO | P01 | Deleted existing topic file: streaming-01-foundations-case.csv
2026-05-17 19:47:00 | INFO | P01 | Topic file will be created: streaming-01-foundations-case.csv
2026-05-17 19:47:00 | INFO | P01 | ========================
2026-05-17 19:47:00 | INFO | P01 | SECTION P. Produce Messages
2026-05-17 19:47:00 | INFO | P01 | ========================
2026-05-17 19:47:00 | INFO | P01 | Sending messages...
2026-05-17 19:47:00 | INFO | P01 | Sending up to 3 local message(s).
2026-05-17 19:47:00 | INFO | P01 | Writing to simulated topic file: streaming-01-foundations-case.csv
2026-05-17 19:47:00 | INFO | P01 | Watch each sale arrive. Press CTRL+C to stop early.

2026-05-17 19:47:00 | INFO | P01 | {
  order_id: e7324981-a9f0-419f-b708-d0a333451fff
  datetime: 2026-05-04T08:11:00Z
  region_id: US-TX
  currency_code: USD
  product_id: PY-STREAM-005
  unit_price: 59.99
  quantity: 3
  is_online: true
  customer_id: CUST-4150
  is_new_customer: false
  device_type: tablet
  payment_method: paypal
  referral_source: paid_search
  discount_code: 
  customer_note: Gift for my team
}
2026-05-17 19:47:00 | ERROR | P01 | '!!!!!!!!!!!!!!!!!!!!!!!!!!!!!!!!!\nThe project read the CSV file,\nbut an expected column was not present.\nRequired CSV field missing:\n    store_id\n\nAvailable fields were:\n    order_id, datetime, region_id, currency_code, product_id, unit_price, quantity, is_online, customer_id, is_new_customer, device_type, payment_method, referral_source, discount_code, customer_note\n\nCHECK:\n1. Open data/sales.csv.\n2. Confirm the header row includes: store_id\n3. Header names must match exactly.\n!!!!!!!!!!!!!!!!!!!!!!!!!!!!!!!!!'
2026-05-17 19:47:00 | ERROR | P01 | Producer stopped before completing all messages.
2026-05-17 19:47:31 | DEBUG | P01 | KAFKA_BOOTSTRAP_SERVERS           = localhost:9092
2026-05-17 19:47:31 | DEBUG | P01 | KAFKA_BROKER_ADDRESS_FAMILY       = v6
2026-05-17 19:47:31 | DEBUG | P01 | KAFKA_TOPIC                       = streaming-01-foundations-case
2026-05-17 19:47:31 | DEBUG | P01 | KAFKA_CLEAR_TOPIC_ON_START        = true
2026-05-17 19:47:31 | DEBUG | P01 | PRODUCER_MESSAGE_COUNT            = 3
2026-05-17 19:47:31 | DEBUG | P01 | PRODUCER_MESSAGE_INTERVAL_SECONDS = 2
2026-05-17 19:47:31 | DEBUG | P01 | PRODUCER_MAX_MESSAGES             = 50
2026-05-17 19:47:31 | DEBUG | P01 | PRODUCER_POLL_INTERVAL_SECONDS    = 15
2026-05-17 19:47:31 | DEBUG | P01 | KAFKA_GROUP_ID                    = streaming-consumer-group-A
2026-05-17 19:47:31 | DEBUG | P01 | KAFKA_AUTO_OFFSET_RESET           = earliest
2026-05-17 19:47:31 | DEBUG | P01 | CONSUMER_TIMEOUT_SECONDS          = 10
2026-05-17 19:47:31 | DEBUG | P01 | CONSUMER_MAX_MESSAGES             = 1000
2026-05-17 19:47:31 | INFO | P01 | === RUN START ===
2026-05-17 19:47:31 | INFO | P01 | project=P01
2026-05-17 19:47:31 | INFO | P01 | repo_dir=streaming-01-foundations
2026-05-17 19:47:31 | INFO | P01 | python=3.14.2
2026-05-17 19:47:31 | INFO | P01 | os=Windows 11
2026-05-17 19:47:31 | INFO | P01 | shell=powershell
2026-05-17 19:47:31 | INFO | P01 | cwd=.
2026-05-17 19:47:31 | INFO | P01 | github_actions=False
2026-05-17 19:47:31 | INFO | P01 | ========================
2026-05-17 19:47:31 | INFO | P01 | START producer main()
2026-05-17 19:47:31 | INFO | P01 | ========================
2026-05-17 19:47:31 | INFO | P01 | ROOT_DIR = .
2026-05-17 19:47:31 | INFO | P01 | DATA_DIR = data
2026-05-17 19:47:31 | INFO | P01 | SALES_CSV = data\sales_jarred.csv
2026-05-17 19:47:31 | INFO | P01 | TOPIC_CSV = data\output\streaming-01-foundations-case.csv
2026-05-17 19:47:31 | INFO | P01 | ========================
2026-05-17 19:47:31 | INFO | P01 | SECTION A. Acquire
2026-05-17 19:47:31 | INFO | P01 | ========================
2026-05-17 19:47:31 | INFO | P01 | Loading settings from .env...
2026-05-17 19:47:31 | INFO | P01 | KAFKA_TOPIC                       = streaming-01-foundations-case
2026-05-17 19:47:31 | INFO | P01 | KAFKA_CLEAR_TOPIC_ON_START        = True
2026-05-17 19:47:31 | INFO | P01 | PRODUCER_MESSAGE_COUNT            = 3
2026-05-17 19:47:31 | INFO | P01 | PRODUCER_MESSAGE_INTERVAL_SECONDS = 2.0
2026-05-17 19:47:31 | INFO | P01 | Verifying local source data...
2026-05-17 19:47:31 | ERROR | P01 | Source file not found: C:\Repos\streaming-01-foundations\data\sales_jarred.csv
2026-05-17 19:56:56 | DEBUG | C01 | KAFKA_BOOTSTRAP_SERVERS           = localhost:9092
2026-05-17 19:56:56 | DEBUG | C01 | KAFKA_BROKER_ADDRESS_FAMILY       = v6
2026-05-17 19:56:56 | DEBUG | C01 | KAFKA_TOPIC                       = streaming-01-foundations-case
2026-05-17 19:56:56 | DEBUG | C01 | KAFKA_CLEAR_TOPIC_ON_START        = true
2026-05-17 19:56:56 | DEBUG | C01 | PRODUCER_MESSAGE_COUNT            = 3
2026-05-17 19:56:56 | DEBUG | C01 | PRODUCER_MESSAGE_INTERVAL_SECONDS = 2
2026-05-17 19:56:56 | DEBUG | C01 | PRODUCER_MAX_MESSAGES             = 50
2026-05-17 19:56:56 | DEBUG | C01 | PRODUCER_POLL_INTERVAL_SECONDS    = 15
2026-05-17 19:56:56 | DEBUG | C01 | KAFKA_GROUP_ID                    = streaming-consumer-group-A
2026-05-17 19:56:56 | DEBUG | C01 | KAFKA_AUTO_OFFSET_RESET           = earliest
2026-05-17 19:56:56 | DEBUG | C01 | CONSUMER_TIMEOUT_SECONDS          = 10
2026-05-17 19:56:56 | DEBUG | C01 | CONSUMER_MAX_MESSAGES             = 1000
2026-05-17 19:56:56 | INFO | C01 | === RUN START ===
2026-05-17 19:56:56 | INFO | C01 | project=C01
2026-05-17 19:56:56 | INFO | C01 | repo_dir=streaming-01-foundations
2026-05-17 19:56:56 | INFO | C01 | python=3.14.2
2026-05-17 19:56:56 | INFO | C01 | os=Windows 11
2026-05-17 19:56:56 | INFO | C01 | shell=powershell
2026-05-17 19:56:56 | INFO | C01 | cwd=.
2026-05-17 19:56:56 | INFO | C01 | github_actions=False
2026-05-17 19:56:56 | INFO | C01 | ========================
2026-05-17 19:56:56 | INFO | C01 | START consumer main()
2026-05-17 19:56:56 | INFO | C01 | ========================
2026-05-17 19:56:56 | INFO | C01 | ROOT_DIR = .
2026-05-17 19:56:56 | INFO | C01 | DATA_DIR = data
2026-05-17 19:56:56 | INFO | C01 | TOPIC_CSV = data\output\streaming-01-foundations-case.csv
2026-05-17 19:56:56 | INFO | C01 | OUTPUT_CSV = data\output\consumed_sales.csv
2026-05-17 19:56:56 | INFO | C01 | ========================
2026-05-17 19:56:56 | INFO | C01 | SECTION A. Acquire
2026-05-17 19:56:56 | INFO | C01 | ========================
2026-05-17 19:56:56 | INFO | C01 | Loading settings from .env...
2026-05-17 19:56:56 | INFO | C01 | KAFKA_TOPIC                    = streaming-01-foundations-case
2026-05-17 19:56:56 | INFO | C01 | CONSUMER_MAX_MESSAGES          = 1000
2026-05-17 19:56:56 | INFO | C01 | CONSUMER_POLL_INTERVAL_SECONDS = 0.5
2026-05-17 19:56:56 | INFO | C01 | CONSUMER_TIMEOUT_SECONDS       = 10.0
2026-05-17 19:56:56 | INFO | C01 | Verifying local simulated topic file...
2026-05-17 19:56:56 | INFO | C01 | Topic file not found yet. Waiting...
2026-05-17 19:56:57 | INFO | C01 | Topic file not found yet. Waiting...
2026-05-17 19:56:57 | INFO | C01 | Topic file not found yet. Waiting...
2026-05-17 19:56:58 | INFO | C01 | Topic file not found yet. Waiting...
2026-05-17 19:56:58 | INFO | C01 | Topic file not found yet. Waiting...
2026-05-17 19:56:59 | INFO | C01 | Topic file not found yet. Waiting...
2026-05-17 19:56:59 | INFO | C01 | Topic file not found yet. Waiting...
2026-05-17 19:57:00 | INFO | C01 | Topic file not found yet. Waiting...
2026-05-17 19:57:00 | INFO | C01 | Topic file not found yet. Waiting...
2026-05-17 19:57:01 | INFO | C01 | Topic file not found yet. Waiting...
2026-05-17 19:57:01 | INFO | C01 | Topic file not found yet. Waiting...
2026-05-17 19:57:02 | INFO | C01 | Topic file not found yet. Waiting...
2026-05-17 19:57:02 | INFO | C01 | Topic file not found yet. Waiting...
2026-05-17 19:57:03 | INFO | C01 | Topic file not found yet. Waiting...
2026-05-17 19:57:03 | INFO | C01 | Topic file not found yet. Waiting...
2026-05-17 19:57:04 | INFO | C01 | Topic file not found yet. Waiting...
2026-05-17 19:57:04 | INFO | C01 | Topic file not found yet. Waiting...
2026-05-17 19:57:05 | INFO | C01 | Topic file not found yet. Waiting...
2026-05-17 19:57:05 | INFO | C01 | Topic file not found yet. Waiting...
2026-05-17 19:57:06 | INFO | C01 | Topic file not found yet. Waiting...
2026-05-17 19:57:06 | ERROR | C01 | Topic file not found: C:\Repos\streaming-01-foundations\data\output\streaming-01-foundations-case.csv
2026-05-17 19:57:06 | ERROR | C01 | Run the local producer first, or run producer and consumer together.
2026-05-17 19:58:55 | DEBUG | P01 | KAFKA_BOOTSTRAP_SERVERS           = localhost:9092
2026-05-17 19:58:55 | DEBUG | P01 | KAFKA_BROKER_ADDRESS_FAMILY       = v6
2026-05-17 19:58:55 | DEBUG | P01 | KAFKA_TOPIC                       = streaming-01-foundations-case
2026-05-17 19:58:55 | DEBUG | P01 | KAFKA_CLEAR_TOPIC_ON_START        = true
2026-05-17 19:58:55 | DEBUG | P01 | PRODUCER_MESSAGE_COUNT            = 3
2026-05-17 19:58:55 | DEBUG | P01 | PRODUCER_MESSAGE_INTERVAL_SECONDS = 2
2026-05-17 19:58:55 | DEBUG | P01 | PRODUCER_MAX_MESSAGES             = 50
2026-05-17 19:58:55 | DEBUG | P01 | PRODUCER_POLL_INTERVAL_SECONDS    = 15
2026-05-17 19:58:55 | DEBUG | P01 | KAFKA_GROUP_ID                    = streaming-consumer-group-A
2026-05-17 19:58:55 | DEBUG | P01 | KAFKA_AUTO_OFFSET_RESET           = earliest
2026-05-17 19:58:55 | DEBUG | P01 | CONSUMER_TIMEOUT_SECONDS          = 10
2026-05-17 19:58:55 | DEBUG | P01 | CONSUMER_MAX_MESSAGES             = 1000
2026-05-17 19:58:55 | INFO | P01 | === RUN START ===
2026-05-17 19:58:55 | INFO | P01 | project=P01
2026-05-17 19:58:55 | INFO | P01 | repo_dir=streaming-01-foundations
2026-05-17 19:58:55 | INFO | P01 | python=3.14.2
2026-05-17 19:58:55 | INFO | P01 | os=Windows 11
2026-05-17 19:58:55 | INFO | P01 | shell=powershell
2026-05-17 19:58:55 | INFO | P01 | cwd=.
2026-05-17 19:58:55 | INFO | P01 | github_actions=False
2026-05-17 19:58:55 | INFO | P01 | ========================
2026-05-17 19:58:55 | INFO | P01 | START producer main()
2026-05-17 19:58:55 | INFO | P01 | ========================
2026-05-17 19:58:55 | INFO | P01 | ROOT_DIR = .
2026-05-17 19:58:55 | INFO | P01 | DATA_DIR = data
2026-05-17 19:58:55 | INFO | P01 | SALES_CSV = data\sales_jarred.csv
2026-05-17 19:58:55 | INFO | P01 | TOPIC_CSV = data\output\streaming-01-foundations-case.csv
2026-05-17 19:58:55 | INFO | P01 | ========================
2026-05-17 19:58:55 | INFO | P01 | SECTION A. Acquire
2026-05-17 19:58:55 | INFO | P01 | ========================
2026-05-17 19:58:55 | INFO | P01 | Loading settings from .env...
2026-05-17 19:58:55 | INFO | P01 | KAFKA_TOPIC                       = streaming-01-foundations-case
2026-05-17 19:58:55 | INFO | P01 | KAFKA_CLEAR_TOPIC_ON_START        = True
2026-05-17 19:58:55 | INFO | P01 | PRODUCER_MESSAGE_COUNT            = 3
2026-05-17 19:58:55 | INFO | P01 | PRODUCER_MESSAGE_INTERVAL_SECONDS = 2.0
2026-05-17 19:58:55 | INFO | P01 | Verifying local source data...
2026-05-17 19:58:55 | ERROR | P01 | Source file not found: C:\Repos\streaming-01-foundations\data\sales_jarred.csv
2026-05-17 19:59:05 | DEBUG | P01 | KAFKA_BOOTSTRAP_SERVERS           = localhost:9092
2026-05-17 19:59:05 | DEBUG | P01 | KAFKA_BROKER_ADDRESS_FAMILY       = v6
2026-05-17 19:59:05 | DEBUG | P01 | KAFKA_TOPIC                       = streaming-01-foundations-case
2026-05-17 19:59:05 | DEBUG | P01 | KAFKA_CLEAR_TOPIC_ON_START        = true
2026-05-17 19:59:05 | DEBUG | P01 | PRODUCER_MESSAGE_COUNT            = 3
2026-05-17 19:59:05 | DEBUG | P01 | PRODUCER_MESSAGE_INTERVAL_SECONDS = 2
2026-05-17 19:59:05 | DEBUG | P01 | PRODUCER_MAX_MESSAGES             = 50
2026-05-17 19:59:05 | DEBUG | P01 | PRODUCER_POLL_INTERVAL_SECONDS    = 15
2026-05-17 19:59:05 | DEBUG | P01 | KAFKA_GROUP_ID                    = streaming-consumer-group-A
2026-05-17 19:59:05 | DEBUG | P01 | KAFKA_AUTO_OFFSET_RESET           = earliest
2026-05-17 19:59:05 | DEBUG | P01 | CONSUMER_TIMEOUT_SECONDS          = 10
2026-05-17 19:59:05 | DEBUG | P01 | CONSUMER_MAX_MESSAGES             = 1000
2026-05-17 19:59:05 | INFO | P01 | === RUN START ===
2026-05-17 19:59:05 | INFO | P01 | project=P01
2026-05-17 19:59:05 | INFO | P01 | repo_dir=streaming-01-foundations
2026-05-17 19:59:05 | INFO | P01 | python=3.14.2
2026-05-17 19:59:05 | INFO | P01 | os=Windows 11
2026-05-17 19:59:05 | INFO | P01 | shell=powershell
2026-05-17 19:59:05 | INFO | P01 | cwd=.
2026-05-17 19:59:05 | INFO | P01 | github_actions=False
2026-05-17 19:59:05 | INFO | P01 | ========================
2026-05-17 19:59:05 | INFO | P01 | START producer main()
2026-05-17 19:59:05 | INFO | P01 | ========================
2026-05-17 19:59:05 | INFO | P01 | ROOT_DIR = .
2026-05-17 19:59:05 | INFO | P01 | DATA_DIR = data
2026-05-17 19:59:05 | INFO | P01 | SALES_CSV = data\sales.csv
2026-05-17 19:59:05 | INFO | P01 | TOPIC_CSV = data\output\streaming-01-foundations-case.csv
2026-05-17 19:59:05 | INFO | P01 | ========================
2026-05-17 19:59:05 | INFO | P01 | SECTION A. Acquire
2026-05-17 19:59:05 | INFO | P01 | ========================
2026-05-17 19:59:05 | INFO | P01 | Loading settings from .env...
2026-05-17 19:59:05 | INFO | P01 | KAFKA_TOPIC                       = streaming-01-foundations-case
2026-05-17 19:59:05 | INFO | P01 | KAFKA_CLEAR_TOPIC_ON_START        = True
2026-05-17 19:59:05 | INFO | P01 | PRODUCER_MESSAGE_COUNT            = 3
2026-05-17 19:59:05 | INFO | P01 | PRODUCER_MESSAGE_INTERVAL_SECONDS = 2.0
2026-05-17 19:59:05 | INFO | P01 | Verifying local source data...
2026-05-17 19:59:05 | INFO | P01 | Source file found: sales.csv
2026-05-17 19:59:05 | INFO | P01 | Preparing local simulated topic file...
2026-05-17 19:59:05 | INFO | P01 | Topic file will be created: streaming-01-foundations-case.csv
2026-05-17 19:59:05 | INFO | P01 | ========================
2026-05-17 19:59:05 | INFO | P01 | SECTION P. Produce Messages
2026-05-17 19:59:05 | INFO | P01 | ========================
2026-05-17 19:59:05 | INFO | P01 | Sending messages...
2026-05-17 19:59:05 | INFO | P01 | Sending up to 3 local message(s).
2026-05-17 19:59:05 | INFO | P01 | Writing to simulated topic file: streaming-01-foundations-case.csv
2026-05-17 19:59:05 | INFO | P01 | Watch each sale arrive. Press CTRL+C to stop early.

2026-05-17 19:59:05 | INFO | P01 | {
  order_id: e7324981-a9f0-419f-b708-d0a333451fff
  datetime: 2026-05-04T08:11:00Z
  region_id: US-TX
  currency_code: USD
  product_id: PY-STREAM-005
  unit_price: 59.99
  quantity: 3
  is_online: true
  customer_id: CUST-4150
  is_new_customer: false
  device_type: tablet
  payment_method: paypal
  referral_source: paid_search
  discount_code: 
  customer_note: Gift for my team
}
2026-05-17 19:59:05 | INFO | P01 |   Sending local message with key=US-TX
2026-05-17 19:59:05 | INFO | P01 |   MESSAGE SENT  sent=1
2026-05-17 19:59:07 | INFO | P01 | {
  order_id: d61943e0-f543-4b5f-9c9a-18605ea4cfe5
  datetime: 2026-05-04T08:23:00Z
  region_id: US-TX
  currency_code: USD
  product_id: PY-DATA-002
  unit_price: 49.99
  quantity: 1
  is_online: true
  customer_id: CUST-1106
  is_new_customer: false
  device_type: mobile
  payment_method: paypal
  referral_source: paid_search
  discount_code: 
  customer_note: Gift for my team
}
2026-05-17 19:59:07 | INFO | P01 |   Sending local message with key=US-TX
2026-05-17 19:59:07 | INFO | P01 |   MESSAGE SENT  sent=2
2026-05-17 19:59:09 | INFO | P01 | {
  order_id: 14da1915-8e74-47be-9e10-f7275d31af46
  datetime: 2026-05-04T08:28:00Z
  region_id: CA-QC
  currency_code: CAD
  product_id: PY-NLP-006
  unit_price: 54.99
  quantity: 1
  is_online: true
  customer_id: CUST-2133
  is_new_customer: false
  device_type: desktop
  payment_method: paypal
  referral_source: organic
  discount_code: 
  customer_note: Learning at my own pace
}
2026-05-17 19:59:09 | INFO | P01 |   Sending local message with key=CA-QC
2026-05-17 19:59:09 | INFO | P01 |   MESSAGE SENT  sent=3
2026-05-17 19:59:11 | INFO | P01 | ========================
2026-05-17 19:59:11 | INFO | P01 | SECTION E. Exit
2026-05-17 19:59:11 | INFO | P01 | ========================
2026-05-17 19:59:11 | INFO | P01 | Summary:
2026-05-17 19:59:11 | INFO | P01 | Sent 3 message(s).
2026-05-17 19:59:11 | INFO | P01 | WROTE TOPIC_CSV = data\output\streaming-01-foundations-case.csv
2026-05-17 19:59:11 | INFO | P01 | ========================
2026-05-17 19:59:11 | INFO | P01 | Producer executed successfully!
2026-05-17 19:59:11 | INFO | P01 | ========================
2026-05-17 20:02:09 | DEBUG | P01 | KAFKA_BOOTSTRAP_SERVERS           = localhost:9092
2026-05-17 20:02:09 | DEBUG | P01 | KAFKA_BROKER_ADDRESS_FAMILY       = v6
2026-05-17 20:02:09 | DEBUG | P01 | KAFKA_TOPIC                       = streaming-01-foundations-case
2026-05-17 20:02:09 | DEBUG | P01 | KAFKA_CLEAR_TOPIC_ON_START        = true
2026-05-17 20:02:09 | DEBUG | P01 | PRODUCER_MESSAGE_COUNT            = 3
2026-05-17 20:02:09 | DEBUG | P01 | PRODUCER_MESSAGE_INTERVAL_SECONDS = 2
2026-05-17 20:02:09 | DEBUG | P01 | PRODUCER_MAX_MESSAGES             = 50
2026-05-17 20:02:09 | DEBUG | P01 | PRODUCER_POLL_INTERVAL_SECONDS    = 15
2026-05-17 20:02:09 | DEBUG | P01 | KAFKA_GROUP_ID                    = streaming-consumer-group-A
2026-05-17 20:02:09 | DEBUG | P01 | KAFKA_AUTO_OFFSET_RESET           = earliest
2026-05-17 20:02:09 | DEBUG | P01 | CONSUMER_TIMEOUT_SECONDS          = 10
2026-05-17 20:02:09 | DEBUG | P01 | CONSUMER_MAX_MESSAGES             = 1000
2026-05-17 20:02:09 | INFO | P01 | === RUN START ===
2026-05-17 20:02:09 | INFO | P01 | project=P01
2026-05-17 20:02:09 | INFO | P01 | repo_dir=streaming-01-foundations
2026-05-17 20:02:09 | INFO | P01 | python=3.14.2
2026-05-17 20:02:09 | INFO | P01 | os=Windows 11
2026-05-17 20:02:09 | INFO | P01 | shell=powershell
2026-05-17 20:02:09 | INFO | P01 | cwd=.
2026-05-17 20:02:09 | INFO | P01 | github_actions=False
2026-05-17 20:02:09 | INFO | P01 | ========================
2026-05-17 20:02:09 | INFO | P01 | START producer main()
2026-05-17 20:02:09 | INFO | P01 | ========================
2026-05-17 20:02:09 | INFO | P01 | ROOT_DIR = .
2026-05-17 20:02:09 | INFO | P01 | DATA_DIR = data
2026-05-17 20:02:09 | INFO | P01 | SALES_CSV = data\sales_jarred.csv
2026-05-17 20:02:09 | INFO | P01 | TOPIC_CSV = data\output\streaming-01-foundations-case.csv
2026-05-17 20:02:09 | INFO | P01 | ========================
2026-05-17 20:02:09 | INFO | P01 | SECTION A. Acquire
2026-05-17 20:02:09 | INFO | P01 | ========================
2026-05-17 20:02:09 | INFO | P01 | Loading settings from .env...
2026-05-17 20:02:09 | INFO | P01 | KAFKA_TOPIC                       = streaming-01-foundations-case
2026-05-17 20:02:09 | INFO | P01 | KAFKA_CLEAR_TOPIC_ON_START        = True
2026-05-17 20:02:09 | INFO | P01 | PRODUCER_MESSAGE_COUNT            = 3
2026-05-17 20:02:09 | INFO | P01 | PRODUCER_MESSAGE_INTERVAL_SECONDS = 2.0
2026-05-17 20:02:09 | INFO | P01 | Verifying local source data...
2026-05-17 20:02:09 | INFO | P01 | Source file found: sales_jarred.csv
2026-05-17 20:02:09 | INFO | P01 | Preparing local simulated topic file...
2026-05-17 20:02:09 | INFO | P01 | Deleted existing topic file: streaming-01-foundations-case.csv
2026-05-17 20:02:09 | INFO | P01 | Topic file will be created: streaming-01-foundations-case.csv
2026-05-17 20:02:09 | INFO | P01 | ========================
2026-05-17 20:02:09 | INFO | P01 | SECTION P. Produce Messages
2026-05-17 20:02:09 | INFO | P01 | ========================
2026-05-17 20:02:09 | INFO | P01 | Sending messages...
2026-05-17 20:02:09 | INFO | P01 | Sending up to 3 local message(s).
2026-05-17 20:02:09 | INFO | P01 | Writing to simulated topic file: streaming-01-foundations-case.csv
2026-05-17 20:02:09 | INFO | P01 | Watch each sale arrive. Press CTRL+C to stop early.

2026-05-17 20:02:09 | INFO | P01 | {
  order_id: e7324981-a9f0-419f-b708-d0a333451fff
  datetime: 2026-05-04T08:11:00Z
  region_id: US-TX
  currency_code: USD
  product_id: PY-STREAM-005
  unit_price: 59.99
  quantity: 3
  is_online: true
  customer_id: CUST-4150
  is_new_customer: false
  device_type: tablet
  payment_method: paypal
  referral_source: paid_search
  discount_code: 
  customer_note: Gift for my team
}
2026-05-17 20:02:09 | ERROR | P01 | '!!!!!!!!!!!!!!!!!!!!!!!!!!!!!!!!!\nThe project read the CSV file,\nbut an expected column was not present.\nRequired CSV field missing:\n    store_id\n\nAvailable fields were:\n    order_id, datetime, region_id, currency_code, product_id, unit_price, quantity, is_online, customer_id, is_new_customer, device_type, payment_method, referral_source, discount_code, customer_note\n\nCHECK:\n1. Open data/sales.csv.\n2. Confirm the header row includes: store_id\n3. Header names must match exactly.\n!!!!!!!!!!!!!!!!!!!!!!!!!!!!!!!!!'
2026-05-17 20:02:09 | ERROR | P01 | Producer stopped before completing all messages.
2026-05-17 20:02:11 | DEBUG | P01 | KAFKA_BOOTSTRAP_SERVERS           = localhost:9092
2026-05-17 20:02:11 | DEBUG | P01 | KAFKA_BROKER_ADDRESS_FAMILY       = v6
2026-05-17 20:02:11 | DEBUG | P01 | KAFKA_TOPIC                       = streaming-01-foundations-case
2026-05-17 20:02:11 | DEBUG | P01 | KAFKA_CLEAR_TOPIC_ON_START        = true
2026-05-17 20:02:11 | DEBUG | P01 | PRODUCER_MESSAGE_COUNT            = 3
2026-05-17 20:02:11 | DEBUG | P01 | PRODUCER_MESSAGE_INTERVAL_SECONDS = 2
2026-05-17 20:02:11 | DEBUG | P01 | PRODUCER_MAX_MESSAGES             = 50
2026-05-17 20:02:11 | DEBUG | P01 | PRODUCER_POLL_INTERVAL_SECONDS    = 15
2026-05-17 20:02:11 | DEBUG | P01 | KAFKA_GROUP_ID                    = streaming-consumer-group-A
2026-05-17 20:02:11 | DEBUG | P01 | KAFKA_AUTO_OFFSET_RESET           = earliest
2026-05-17 20:02:11 | DEBUG | P01 | CONSUMER_TIMEOUT_SECONDS          = 10
2026-05-17 20:02:11 | DEBUG | P01 | CONSUMER_MAX_MESSAGES             = 1000
2026-05-17 20:02:11 | INFO | P01 | === RUN START ===
2026-05-17 20:02:11 | INFO | P01 | project=P01
2026-05-17 20:02:11 | INFO | P01 | repo_dir=streaming-01-foundations
2026-05-17 20:02:11 | INFO | P01 | python=3.14.2
2026-05-17 20:02:11 | INFO | P01 | os=Windows 11
2026-05-17 20:02:11 | INFO | P01 | shell=powershell
2026-05-17 20:02:11 | INFO | P01 | cwd=.
2026-05-17 20:02:11 | INFO | P01 | github_actions=False
2026-05-17 20:02:11 | INFO | P01 | ========================
2026-05-17 20:02:11 | INFO | P01 | START producer main()
2026-05-17 20:02:11 | INFO | P01 | ========================
2026-05-17 20:02:11 | INFO | P01 | ROOT_DIR = .
2026-05-17 20:02:11 | INFO | P01 | DATA_DIR = data
2026-05-17 20:02:11 | INFO | P01 | SALES_CSV = data\sales.csv
2026-05-17 20:02:11 | INFO | P01 | TOPIC_CSV = data\output\streaming-01-foundations-case.csv
2026-05-17 20:02:11 | INFO | P01 | ========================
2026-05-17 20:02:11 | INFO | P01 | SECTION A. Acquire
2026-05-17 20:02:11 | INFO | P01 | ========================
2026-05-17 20:02:11 | INFO | P01 | Loading settings from .env...
2026-05-17 20:02:11 | INFO | P01 | KAFKA_TOPIC                       = streaming-01-foundations-case
2026-05-17 20:02:11 | INFO | P01 | KAFKA_CLEAR_TOPIC_ON_START        = True
2026-05-17 20:02:11 | INFO | P01 | PRODUCER_MESSAGE_COUNT            = 3
2026-05-17 20:02:11 | INFO | P01 | PRODUCER_MESSAGE_INTERVAL_SECONDS = 2.0
2026-05-17 20:02:11 | INFO | P01 | Verifying local source data...
2026-05-17 20:02:11 | INFO | P01 | Source file found: sales.csv
2026-05-17 20:02:11 | INFO | P01 | Preparing local simulated topic file...
2026-05-17 20:02:11 | INFO | P01 | Topic file will be created: streaming-01-foundations-case.csv
2026-05-17 20:02:11 | INFO | P01 | ========================
2026-05-17 20:02:11 | INFO | P01 | SECTION P. Produce Messages
2026-05-17 20:02:11 | INFO | P01 | ========================
2026-05-17 20:02:11 | INFO | P01 | Sending messages...
2026-05-17 20:02:11 | INFO | P01 | Sending up to 3 local message(s).
2026-05-17 20:02:11 | INFO | P01 | Writing to simulated topic file: streaming-01-foundations-case.csv
2026-05-17 20:02:11 | INFO | P01 | Watch each sale arrive. Press CTRL+C to stop early.

2026-05-17 20:02:11 | INFO | P01 | {
  order_id: e7324981-a9f0-419f-b708-d0a333451fff
  datetime: 2026-05-04T08:11:00Z
  region_id: US-TX
  currency_code: USD
  product_id: PY-STREAM-005
  unit_price: 59.99
  quantity: 3
  is_online: true
  customer_id: CUST-4150
  is_new_customer: false
  device_type: tablet
  payment_method: paypal
  referral_source: paid_search
  discount_code: 
  customer_note: Gift for my team
}
2026-05-17 20:02:11 | INFO | P01 |   Sending local message with key=US-TX
2026-05-17 20:02:11 | INFO | P01 |   MESSAGE SENT  sent=1
2026-05-17 20:02:13 | INFO | P01 | {
  order_id: d61943e0-f543-4b5f-9c9a-18605ea4cfe5
  datetime: 2026-05-04T08:23:00Z
  region_id: US-TX
  currency_code: USD
  product_id: PY-DATA-002
  unit_price: 49.99
  quantity: 1
  is_online: true
  customer_id: CUST-1106
  is_new_customer: false
  device_type: mobile
  payment_method: paypal
  referral_source: paid_search
  discount_code: 
  customer_note: Gift for my team
}
2026-05-17 20:02:13 | INFO | P01 |   Sending local message with key=US-TX
2026-05-17 20:02:13 | INFO | P01 |   MESSAGE SENT  sent=2
2026-05-17 20:02:15 | INFO | P01 | {
  order_id: 14da1915-8e74-47be-9e10-f7275d31af46
  datetime: 2026-05-04T08:28:00Z
  region_id: CA-QC
  currency_code: CAD
  product_id: PY-NLP-006
  unit_price: 54.99
  quantity: 1
  is_online: true
  customer_id: CUST-2133
  is_new_customer: false
  device_type: desktop
  payment_method: paypal
  referral_source: organic
  discount_code: 
  customer_note: Learning at my own pace
}
2026-05-17 20:02:15 | INFO | P01 |   Sending local message with key=CA-QC
2026-05-17 20:02:15 | INFO | P01 |   MESSAGE SENT  sent=3
2026-05-17 20:02:17 | INFO | P01 | ========================
2026-05-17 20:02:17 | INFO | P01 | SECTION E. Exit
2026-05-17 20:02:17 | INFO | P01 | ========================
2026-05-17 20:02:17 | INFO | P01 | Summary:
2026-05-17 20:02:17 | INFO | P01 | Sent 3 message(s).
2026-05-17 20:02:17 | INFO | P01 | WROTE TOPIC_CSV = data\output\streaming-01-foundations-case.csv
2026-05-17 20:02:17 | INFO | P01 | ========================
2026-05-17 20:02:17 | INFO | P01 | Producer executed successfully!
2026-05-17 20:02:17 | INFO | P01 | ========================
2026-05-17 21:11:44 | DEBUG | P01 | KAFKA_BOOTSTRAP_SERVERS           = localhost:9092
2026-05-17 21:11:44 | DEBUG | P01 | KAFKA_BROKER_ADDRESS_FAMILY       = v6
2026-05-17 21:11:44 | DEBUG | P01 | KAFKA_TOPIC                       = streaming-01-foundations-case
2026-05-17 21:11:44 | DEBUG | P01 | KAFKA_CLEAR_TOPIC_ON_START        = true
2026-05-17 21:11:44 | DEBUG | P01 | PRODUCER_MESSAGE_COUNT            = 3
2026-05-17 21:11:44 | DEBUG | P01 | PRODUCER_MESSAGE_INTERVAL_SECONDS = 2
2026-05-17 21:11:44 | DEBUG | P01 | PRODUCER_MAX_MESSAGES             = 50
2026-05-17 21:11:44 | DEBUG | P01 | PRODUCER_POLL_INTERVAL_SECONDS    = 15
2026-05-17 21:11:44 | DEBUG | P01 | KAFKA_GROUP_ID                    = streaming-consumer-group-A
2026-05-17 21:11:44 | DEBUG | P01 | KAFKA_AUTO_OFFSET_RESET           = earliest
2026-05-17 21:11:44 | DEBUG | P01 | CONSUMER_TIMEOUT_SECONDS          = 10
2026-05-17 21:11:44 | DEBUG | P01 | CONSUMER_MAX_MESSAGES             = 1000
2026-05-17 21:11:44 | INFO | P01 | === RUN START ===
2026-05-17 21:11:44 | INFO | P01 | project=P01
2026-05-17 21:11:44 | INFO | P01 | repo_dir=streaming-01-foundations
2026-05-17 21:11:44 | INFO | P01 | python=3.14.2
2026-05-17 21:11:44 | INFO | P01 | os=Windows 11
2026-05-17 21:11:44 | INFO | P01 | shell=powershell
2026-05-17 21:11:44 | INFO | P01 | cwd=.
2026-05-17 21:11:44 | INFO | P01 | github_actions=False
2026-05-17 21:11:44 | INFO | P01 | ========================
2026-05-17 21:11:44 | INFO | P01 | START producer main()
2026-05-17 21:11:44 | INFO | P01 | ========================
2026-05-17 21:11:44 | INFO | P01 | ROOT_DIR = .
2026-05-17 21:11:44 | INFO | P01 | DATA_DIR = data
2026-05-17 21:11:44 | INFO | P01 | SALES_CSV = data\sales.csv
2026-05-17 21:11:44 | INFO | P01 | TOPIC_CSV = data\output\streaming-01-foundations-case.csv
2026-05-17 21:11:44 | INFO | P01 | ========================
2026-05-17 21:11:44 | INFO | P01 | SECTION A. Acquire
2026-05-17 21:11:44 | INFO | P01 | ========================
2026-05-17 21:11:44 | INFO | P01 | Loading settings from .env...
2026-05-17 21:11:44 | INFO | P01 | KAFKA_TOPIC                       = streaming-01-foundations-case
2026-05-17 21:11:44 | INFO | P01 | KAFKA_CLEAR_TOPIC_ON_START        = True
2026-05-17 21:11:44 | INFO | P01 | PRODUCER_MESSAGE_COUNT            = 3
2026-05-17 21:11:44 | INFO | P01 | PRODUCER_MESSAGE_INTERVAL_SECONDS = 2.0
2026-05-17 21:11:44 | INFO | P01 | Verifying local source data...
2026-05-17 21:11:44 | INFO | P01 | Source file found: sales.csv
2026-05-17 21:11:44 | INFO | P01 | Preparing local simulated topic file...
2026-05-17 21:11:44 | INFO | P01 | Deleted existing topic file: streaming-01-foundations-case.csv
2026-05-17 21:11:44 | INFO | P01 | Topic file will be created: streaming-01-foundations-case.csv
2026-05-17 21:11:44 | INFO | P01 | ========================
2026-05-17 21:11:44 | INFO | P01 | SECTION P. Produce Messages
2026-05-17 21:11:44 | INFO | P01 | ========================
2026-05-17 21:11:44 | INFO | P01 | Sending messages...
2026-05-17 21:11:44 | INFO | P01 | Sending up to 3 local message(s).
2026-05-17 21:11:44 | INFO | P01 | Writing to simulated topic file: streaming-01-foundations-case.csv
2026-05-17 21:11:44 | INFO | P01 | Watch each sale arrive. Press CTRL+C to stop early.

2026-05-17 21:11:44 | INFO | P01 | {
  order_id: e7324981-a9f0-419f-b708-d0a333451fff
  datetime: 2026-05-04T08:11:00Z
  region_id: US-TX
  currency_code: USD
  product_id: PY-STREAM-005
  unit_price: 59.99
  quantity: 3
  is_online: true
  customer_id: CUST-4150
  is_new_customer: false
  device_type: tablet
  payment_method: paypal
  referral_source: paid_search
  discount_code: 
  customer_note: Gift for my team
}
2026-05-17 21:11:44 | INFO | P01 |   Sending local message with key=US-TX
2026-05-17 21:11:44 | INFO | P01 |   MESSAGE SENT  sent=1
2026-05-17 21:11:46 | INFO | P01 | {
  order_id: d61943e0-f543-4b5f-9c9a-18605ea4cfe5
  datetime: 2026-05-04T08:23:00Z
  region_id: US-TX
  currency_code: USD
  product_id: PY-DATA-002
  unit_price: 49.99
  quantity: 1
  is_online: true
  customer_id: CUST-1106
  is_new_customer: false
  device_type: mobile
  payment_method: paypal
  referral_source: paid_search
  discount_code: 
  customer_note: Gift for my team
}
2026-05-17 21:11:46 | INFO | P01 |   Sending local message with key=US-TX
2026-05-17 21:11:46 | INFO | P01 |   MESSAGE SENT  sent=2
2026-05-17 21:11:48 | INFO | P01 | {
  order_id: 14da1915-8e74-47be-9e10-f7275d31af46
  datetime: 2026-05-04T08:28:00Z
  region_id: CA-QC
  currency_code: CAD
  product_id: PY-NLP-006
  unit_price: 54.99
  quantity: 1
  is_online: true
  customer_id: CUST-2133
  is_new_customer: false
  device_type: desktop
  payment_method: paypal
  referral_source: organic
  discount_code: 
  customer_note: Learning at my own pace
}
2026-05-17 21:11:48 | INFO | P01 |   Sending local message with key=CA-QC
2026-05-17 21:11:48 | INFO | P01 |   MESSAGE SENT  sent=3
2026-05-17 21:11:50 | INFO | P01 | ========================
2026-05-17 21:11:50 | INFO | P01 | SECTION E. Exit
2026-05-17 21:11:50 | INFO | P01 | ========================
2026-05-17 21:11:50 | INFO | P01 | Summary:
2026-05-17 21:11:50 | INFO | P01 | Sent 3 message(s).
2026-05-17 21:11:50 | INFO | P01 | WROTE TOPIC_CSV = data\output\streaming-01-foundations-case.csv
2026-05-17 21:11:50 | INFO | P01 | ========================
2026-05-17 21:11:50 | INFO | P01 | Producer executed successfully!
2026-05-17 21:11:50 | INFO | P01 | ========================
2026-05-17 21:11:53 | DEBUG | P01 | KAFKA_BOOTSTRAP_SERVERS           = localhost:9092
2026-05-17 21:11:53 | DEBUG | P01 | KAFKA_BROKER_ADDRESS_FAMILY       = v6
2026-05-17 21:11:53 | DEBUG | P01 | KAFKA_TOPIC                       = streaming-01-foundations-case
2026-05-17 21:11:53 | DEBUG | P01 | KAFKA_CLEAR_TOPIC_ON_START        = true
2026-05-17 21:11:53 | DEBUG | P01 | PRODUCER_MESSAGE_COUNT            = 3
2026-05-17 21:11:53 | DEBUG | P01 | PRODUCER_MESSAGE_INTERVAL_SECONDS = 2
2026-05-17 21:11:53 | DEBUG | P01 | PRODUCER_MAX_MESSAGES             = 50
2026-05-17 21:11:53 | DEBUG | P01 | PRODUCER_POLL_INTERVAL_SECONDS    = 15
2026-05-17 21:11:53 | DEBUG | P01 | KAFKA_GROUP_ID                    = streaming-consumer-group-A
2026-05-17 21:11:53 | DEBUG | P01 | KAFKA_AUTO_OFFSET_RESET           = earliest
2026-05-17 21:11:53 | DEBUG | P01 | CONSUMER_TIMEOUT_SECONDS          = 10
2026-05-17 21:11:53 | DEBUG | P01 | CONSUMER_MAX_MESSAGES             = 1000
2026-05-17 21:11:53 | INFO | P01 | === RUN START ===
2026-05-17 21:11:53 | INFO | P01 | project=P01
2026-05-17 21:11:53 | INFO | P01 | repo_dir=streaming-01-foundations
2026-05-17 21:11:53 | INFO | P01 | python=3.14.2
2026-05-17 21:11:53 | INFO | P01 | os=Windows 11
2026-05-17 21:11:53 | INFO | P01 | shell=powershell
2026-05-17 21:11:53 | INFO | P01 | cwd=.
2026-05-17 21:11:53 | INFO | P01 | github_actions=False
2026-05-17 21:11:53 | INFO | P01 | ========================
2026-05-17 21:11:53 | INFO | P01 | START producer main()
2026-05-17 21:11:53 | INFO | P01 | ========================
2026-05-17 21:11:53 | INFO | P01 | ROOT_DIR = .
2026-05-17 21:11:53 | INFO | P01 | DATA_DIR = data
2026-05-17 21:11:53 | INFO | P01 | SALES_CSV = data\sales.csv
2026-05-17 21:11:53 | INFO | P01 | TOPIC_CSV = data\output\streaming-01-foundations-case.csv
2026-05-17 21:11:53 | INFO | P01 | ========================
2026-05-17 21:11:53 | INFO | P01 | SECTION A. Acquire
2026-05-17 21:11:53 | INFO | P01 | ========================
2026-05-17 21:11:53 | INFO | P01 | Loading settings from .env...
2026-05-17 21:11:53 | INFO | P01 | KAFKA_TOPIC                       = streaming-01-foundations-case
2026-05-17 21:11:53 | INFO | P01 | KAFKA_CLEAR_TOPIC_ON_START        = True
2026-05-17 21:11:53 | INFO | P01 | PRODUCER_MESSAGE_COUNT            = 3
2026-05-17 21:11:53 | INFO | P01 | PRODUCER_MESSAGE_INTERVAL_SECONDS = 2.0
2026-05-17 21:11:53 | INFO | P01 | Verifying local source data...
2026-05-17 21:11:53 | INFO | P01 | Source file found: sales.csv
2026-05-17 21:11:53 | INFO | P01 | Preparing local simulated topic file...
2026-05-17 21:11:53 | INFO | P01 | Deleted existing topic file: streaming-01-foundations-case.csv
2026-05-17 21:11:53 | INFO | P01 | Topic file will be created: streaming-01-foundations-case.csv
2026-05-17 21:11:53 | INFO | P01 | ========================
2026-05-17 21:11:53 | INFO | P01 | SECTION P. Produce Messages
2026-05-17 21:11:53 | INFO | P01 | ========================
2026-05-17 21:11:53 | INFO | P01 | Sending messages...
2026-05-17 21:11:53 | INFO | P01 | Sending up to 3 local message(s).
2026-05-17 21:11:53 | INFO | P01 | Writing to simulated topic file: streaming-01-foundations-case.csv
2026-05-17 21:11:53 | INFO | P01 | Watch each sale arrive. Press CTRL+C to stop early.

2026-05-17 21:11:53 | INFO | P01 | {
  order_id: e7324981-a9f0-419f-b708-d0a333451fff
  datetime: 2026-05-04T08:11:00Z
  region_id: US-TX
  currency_code: USD
  product_id: PY-STREAM-005
  unit_price: 59.99
  quantity: 3
  is_online: true
  customer_id: CUST-4150
  is_new_customer: false
  device_type: tablet
  payment_method: paypal
  referral_source: paid_search
  discount_code: 
  customer_note: Gift for my team
}
2026-05-17 21:11:53 | INFO | P01 |   Sending local message with key=US-TX
2026-05-17 21:11:53 | INFO | P01 |   MESSAGE SENT  sent=1
2026-05-17 21:11:55 | INFO | P01 | {
  order_id: d61943e0-f543-4b5f-9c9a-18605ea4cfe5
  datetime: 2026-05-04T08:23:00Z
  region_id: US-TX
  currency_code: USD
  product_id: PY-DATA-002
  unit_price: 49.99
  quantity: 1
  is_online: true
  customer_id: CUST-1106
  is_new_customer: false
  device_type: mobile
  payment_method: paypal
  referral_source: paid_search
  discount_code: 
  customer_note: Gift for my team
}
2026-05-17 21:11:55 | INFO | P01 |   Sending local message with key=US-TX
2026-05-17 21:11:55 | INFO | P01 |   MESSAGE SENT  sent=2
2026-05-17 21:11:57 | INFO | P01 | {
  order_id: 14da1915-8e74-47be-9e10-f7275d31af46
  datetime: 2026-05-04T08:28:00Z
  region_id: CA-QC
  currency_code: CAD
  product_id: PY-NLP-006
  unit_price: 54.99
  quantity: 1
  is_online: true
  customer_id: CUST-2133
  is_new_customer: false
  device_type: desktop
  payment_method: paypal
  referral_source: organic
  discount_code: 
  customer_note: Learning at my own pace
}
2026-05-17 21:11:57 | INFO | P01 |   Sending local message with key=CA-QC
2026-05-17 21:11:57 | INFO | P01 |   MESSAGE SENT  sent=3
2026-05-17 21:11:59 | INFO | P01 | ========================
2026-05-17 21:11:59 | INFO | P01 | SECTION E. Exit
2026-05-17 21:11:59 | INFO | P01 | ========================
2026-05-17 21:11:59 | INFO | P01 | Summary:
2026-05-17 21:11:59 | INFO | P01 | Sent 3 message(s).
2026-05-17 21:11:59 | INFO | P01 | WROTE TOPIC_CSV = data\output\streaming-01-foundations-case.csv
2026-05-17 21:11:59 | INFO | P01 | ========================
2026-05-17 21:11:59 | INFO | P01 | Producer executed successfully!
2026-05-17 21:11:59 | INFO | P01 | ========================
2026-05-17 21:16:36 | DEBUG | P01 | KAFKA_BOOTSTRAP_SERVERS           = localhost:9092
2026-05-17 21:16:36 | DEBUG | P01 | KAFKA_BROKER_ADDRESS_FAMILY       = v6
2026-05-17 21:16:36 | DEBUG | P01 | KAFKA_TOPIC                       = streaming-01-foundations-case
2026-05-17 21:16:36 | DEBUG | P01 | KAFKA_CLEAR_TOPIC_ON_START        = true
2026-05-17 21:16:36 | DEBUG | P01 | PRODUCER_MESSAGE_COUNT            = 3
2026-05-17 21:16:36 | DEBUG | P01 | PRODUCER_MESSAGE_INTERVAL_SECONDS = 2
2026-05-17 21:16:36 | DEBUG | P01 | PRODUCER_MAX_MESSAGES             = 50
2026-05-17 21:16:36 | DEBUG | P01 | PRODUCER_POLL_INTERVAL_SECONDS    = 15
2026-05-17 21:16:36 | DEBUG | P01 | KAFKA_GROUP_ID                    = streaming-consumer-group-A
2026-05-17 21:16:36 | DEBUG | P01 | KAFKA_AUTO_OFFSET_RESET           = earliest
2026-05-17 21:16:36 | DEBUG | P01 | CONSUMER_TIMEOUT_SECONDS          = 10
2026-05-17 21:16:36 | DEBUG | P01 | CONSUMER_MAX_MESSAGES             = 1000
2026-05-17 21:16:36 | INFO | P01 | === RUN START ===
2026-05-17 21:16:36 | INFO | P01 | project=P01
2026-05-17 21:16:36 | INFO | P01 | repo_dir=streaming-01-foundations
2026-05-17 21:16:36 | INFO | P01 | python=3.14.2
2026-05-17 21:16:36 | INFO | P01 | os=Windows 11
2026-05-17 21:16:36 | INFO | P01 | shell=powershell
2026-05-17 21:16:36 | INFO | P01 | cwd=.
2026-05-17 21:16:36 | INFO | P01 | github_actions=False
2026-05-17 21:16:36 | INFO | P01 | ========================
2026-05-17 21:16:36 | INFO | P01 | START producer main()
2026-05-17 21:16:36 | INFO | P01 | ========================
2026-05-17 21:16:36 | INFO | P01 | ROOT_DIR = .
2026-05-17 21:16:36 | INFO | P01 | DATA_DIR = data
2026-05-17 21:16:36 | INFO | P01 | SALES_CSV = data\sales.csv
2026-05-17 21:16:36 | INFO | P01 | TOPIC_CSV = data\output\streaming-01-foundations-case.csv
2026-05-17 21:16:36 | INFO | P01 | ========================
2026-05-17 21:16:36 | INFO | P01 | SECTION A. Acquire
2026-05-17 21:16:36 | INFO | P01 | ========================
2026-05-17 21:16:36 | INFO | P01 | Loading settings from .env...
2026-05-17 21:16:36 | INFO | P01 | KAFKA_TOPIC                       = streaming-01-foundations-case
2026-05-17 21:16:36 | INFO | P01 | KAFKA_CLEAR_TOPIC_ON_START        = True
2026-05-17 21:16:36 | INFO | P01 | PRODUCER_MESSAGE_COUNT            = 3
2026-05-17 21:16:36 | INFO | P01 | PRODUCER_MESSAGE_INTERVAL_SECONDS = 2.0
2026-05-17 21:16:36 | INFO | P01 | Verifying local source data...
2026-05-17 21:16:36 | INFO | P01 | Source file found: sales.csv
2026-05-17 21:16:36 | INFO | P01 | Preparing local simulated topic file...
2026-05-17 21:16:36 | INFO | P01 | Deleted existing topic file: streaming-01-foundations-case.csv
2026-05-17 21:16:36 | INFO | P01 | Topic file will be created: streaming-01-foundations-case.csv
2026-05-17 21:16:36 | INFO | P01 | ========================
2026-05-17 21:16:36 | INFO | P01 | SECTION P. Produce Messages
2026-05-17 21:16:36 | INFO | P01 | ========================
2026-05-17 21:16:36 | INFO | P01 | Sending messages...
2026-05-17 21:16:36 | INFO | P01 | Sending up to 3 local message(s).
2026-05-17 21:16:36 | INFO | P01 | Writing to simulated topic file: streaming-01-foundations-case.csv
2026-05-17 21:16:36 | INFO | P01 | Watch each sale arrive. Press CTRL+C to stop early.

2026-05-17 21:16:36 | INFO | P01 | {
  order_id: e7324981-a9f0-419f-b708-d0a333451fff
  datetime: 2026-05-04T08:11:00Z
  region_id: US-TX
  currency_code: USD
  product_id: PY-STREAM-005
  unit_price: 59.99
  quantity: 3
  is_online: true
  customer_id: CUST-4150
  is_new_customer: false
  device_type: tablet
  payment_method: paypal
  referral_source: paid_search
  discount_code: 
  customer_note: Gift for my team
}
2026-05-17 21:16:36 | INFO | P01 |   Sending local message with key=US-TX
2026-05-17 21:16:36 | INFO | P01 |   MESSAGE SENT  sent=1
2026-05-17 21:16:38 | INFO | P01 | {
  order_id: d61943e0-f543-4b5f-9c9a-18605ea4cfe5
  datetime: 2026-05-04T08:23:00Z
  region_id: US-TX
  currency_code: USD
  product_id: PY-DATA-002
  unit_price: 49.99
  quantity: 1
  is_online: true
  customer_id: CUST-1106
  is_new_customer: false
  device_type: mobile
  payment_method: paypal
  referral_source: paid_search
  discount_code: 
  customer_note: Gift for my team
}
2026-05-17 21:16:38 | INFO | P01 |   Sending local message with key=US-TX
2026-05-17 21:16:38 | INFO | P01 |   MESSAGE SENT  sent=2
2026-05-17 21:16:40 | INFO | P01 | {
  order_id: 14da1915-8e74-47be-9e10-f7275d31af46
  datetime: 2026-05-04T08:28:00Z
  region_id: CA-QC
  currency_code: CAD
  product_id: PY-NLP-006
  unit_price: 54.99
  quantity: 1
  is_online: true
  customer_id: CUST-2133
  is_new_customer: false
  device_type: desktop
  payment_method: paypal
  referral_source: organic
  discount_code: 
  customer_note: Learning at my own pace
}
2026-05-17 21:16:40 | INFO | P01 |   Sending local message with key=CA-QC
2026-05-17 21:16:40 | INFO | P01 |   MESSAGE SENT  sent=3
2026-05-17 21:16:42 | INFO | P01 | ========================
2026-05-17 21:16:42 | INFO | P01 | SECTION E. Exit
2026-05-17 21:16:42 | INFO | P01 | ========================
2026-05-17 21:16:42 | INFO | P01 | Summary:
2026-05-17 21:16:42 | INFO | P01 | Sent 3 message(s).
2026-05-17 21:16:42 | INFO | P01 | WROTE TOPIC_CSV = data\output\streaming-01-foundations-case.csv
2026-05-17 21:16:42 | INFO | P01 | ========================
2026-05-17 21:16:42 | INFO | P01 | Producer executed successfully!
2026-05-17 21:16:42 | INFO | P01 | ========================
2026-05-17 21:16:44 | DEBUG | P01 | KAFKA_BOOTSTRAP_SERVERS           = localhost:9092
2026-05-17 21:16:44 | DEBUG | P01 | KAFKA_BROKER_ADDRESS_FAMILY       = v6
2026-05-17 21:16:44 | DEBUG | P01 | KAFKA_TOPIC                       = streaming-01-foundations-case
2026-05-17 21:16:44 | DEBUG | P01 | KAFKA_CLEAR_TOPIC_ON_START        = true
2026-05-17 21:16:44 | DEBUG | P01 | PRODUCER_MESSAGE_COUNT            = 3
2026-05-17 21:16:44 | DEBUG | P01 | PRODUCER_MESSAGE_INTERVAL_SECONDS = 2
2026-05-17 21:16:44 | DEBUG | P01 | PRODUCER_MAX_MESSAGES             = 50
2026-05-17 21:16:44 | DEBUG | P01 | PRODUCER_POLL_INTERVAL_SECONDS    = 15
2026-05-17 21:16:44 | DEBUG | P01 | KAFKA_GROUP_ID                    = streaming-consumer-group-A
2026-05-17 21:16:44 | DEBUG | P01 | KAFKA_AUTO_OFFSET_RESET           = earliest
2026-05-17 21:16:44 | DEBUG | P01 | CONSUMER_TIMEOUT_SECONDS          = 10
2026-05-17 21:16:44 | DEBUG | P01 | CONSUMER_MAX_MESSAGES             = 1000
2026-05-17 21:16:44 | INFO | P01 | === RUN START ===
2026-05-17 21:16:44 | INFO | P01 | project=P01
2026-05-17 21:16:44 | INFO | P01 | repo_dir=streaming-01-foundations
2026-05-17 21:16:44 | INFO | P01 | python=3.14.2
2026-05-17 21:16:44 | INFO | P01 | os=Windows 11
2026-05-17 21:16:44 | INFO | P01 | shell=powershell
2026-05-17 21:16:44 | INFO | P01 | cwd=.
2026-05-17 21:16:44 | INFO | P01 | github_actions=False
2026-05-17 21:16:44 | INFO | P01 | ========================
2026-05-17 21:16:44 | INFO | P01 | START producer main()
2026-05-17 21:16:44 | INFO | P01 | ========================
2026-05-17 21:16:44 | INFO | P01 | ROOT_DIR = .
2026-05-17 21:16:44 | INFO | P01 | DATA_DIR = data
2026-05-17 21:16:44 | INFO | P01 | SALES_CSV = data\sales.csv
2026-05-17 21:16:44 | INFO | P01 | TOPIC_CSV = data\output\streaming-01-foundations-case.csv
2026-05-17 21:16:44 | INFO | P01 | ========================
2026-05-17 21:16:44 | INFO | P01 | SECTION A. Acquire
2026-05-17 21:16:44 | INFO | P01 | ========================
2026-05-17 21:16:44 | INFO | P01 | Loading settings from .env...
2026-05-17 21:16:44 | INFO | P01 | KAFKA_TOPIC                       = streaming-01-foundations-case
2026-05-17 21:16:44 | INFO | P01 | KAFKA_CLEAR_TOPIC_ON_START        = True
2026-05-17 21:16:44 | INFO | P01 | PRODUCER_MESSAGE_COUNT            = 3
2026-05-17 21:16:44 | INFO | P01 | PRODUCER_MESSAGE_INTERVAL_SECONDS = 2.0
2026-05-17 21:16:44 | INFO | P01 | Verifying local source data...
2026-05-17 21:16:44 | INFO | P01 | Source file found: sales.csv
2026-05-17 21:16:44 | INFO | P01 | Preparing local simulated topic file...
2026-05-17 21:16:44 | INFO | P01 | Deleted existing topic file: streaming-01-foundations-case.csv
2026-05-17 21:16:44 | INFO | P01 | Topic file will be created: streaming-01-foundations-case.csv
2026-05-17 21:16:44 | INFO | P01 | ========================
2026-05-17 21:16:44 | INFO | P01 | SECTION P. Produce Messages
2026-05-17 21:16:44 | INFO | P01 | ========================
2026-05-17 21:16:44 | INFO | P01 | Sending messages...
2026-05-17 21:16:44 | INFO | P01 | Sending up to 3 local message(s).
2026-05-17 21:16:44 | INFO | P01 | Writing to simulated topic file: streaming-01-foundations-case.csv
2026-05-17 21:16:44 | INFO | P01 | Watch each sale arrive. Press CTRL+C to stop early.

2026-05-17 21:16:44 | INFO | P01 | {
  order_id: e7324981-a9f0-419f-b708-d0a333451fff
  datetime: 2026-05-04T08:11:00Z
  region_id: US-TX
  currency_code: USD
  product_id: PY-STREAM-005
  unit_price: 59.99
  quantity: 3
  is_online: true
  customer_id: CUST-4150
  is_new_customer: false
  device_type: tablet
  payment_method: paypal
  referral_source: paid_search
  discount_code: 
  customer_note: Gift for my team
}
2026-05-17 21:16:44 | INFO | P01 |   Sending local message with key=US-TX
2026-05-17 21:16:44 | INFO | P01 |   MESSAGE SENT  sent=1
2026-05-17 21:16:46 | INFO | P01 | {
  order_id: d61943e0-f543-4b5f-9c9a-18605ea4cfe5
  datetime: 2026-05-04T08:23:00Z
  region_id: US-TX
  currency_code: USD
  product_id: PY-DATA-002
  unit_price: 49.99
  quantity: 1
  is_online: true
  customer_id: CUST-1106
  is_new_customer: false
  device_type: mobile
  payment_method: paypal
  referral_source: paid_search
  discount_code: 
  customer_note: Gift for my team
}
2026-05-17 21:16:46 | INFO | P01 |   Sending local message with key=US-TX
2026-05-17 21:16:46 | INFO | P01 |   MESSAGE SENT  sent=2
2026-05-17 21:16:48 | INFO | P01 | {
  order_id: 14da1915-8e74-47be-9e10-f7275d31af46
  datetime: 2026-05-04T08:28:00Z
  region_id: CA-QC
  currency_code: CAD
  product_id: PY-NLP-006
  unit_price: 54.99
  quantity: 1
  is_online: true
  customer_id: CUST-2133
  is_new_customer: false
  device_type: desktop
  payment_method: paypal
  referral_source: organic
  discount_code: 
  customer_note: Learning at my own pace
}
2026-05-17 21:16:48 | INFO | P01 |   Sending local message with key=CA-QC
2026-05-17 21:16:48 | INFO | P01 |   MESSAGE SENT  sent=3
2026-05-17 21:16:50 | INFO | P01 | ========================
2026-05-17 21:16:50 | INFO | P01 | SECTION E. Exit
2026-05-17 21:16:50 | INFO | P01 | ========================
2026-05-17 21:16:50 | INFO | P01 | Summary:
2026-05-17 21:16:50 | INFO | P01 | Sent 3 message(s).
2026-05-17 21:16:50 | INFO | P01 | WROTE TOPIC_CSV = data\output\streaming-01-foundations-case.csv
2026-05-17 21:16:50 | INFO | P01 | ========================
2026-05-17 21:16:50 | INFO | P01 | Producer executed successfully!
2026-05-17 21:16:50 | INFO | P01 | ========================
